src/lancs/mobilemedia/core/threads/BaseThread.java
src/lancs/mobilemedia/core/ui/MainUIMidlet.java
src/lancs/mobilemedia/core/ui/controller/BaseController.java
src/lancs/mobilemedia/core/ui/controller/AbstractController.java
src/lancs/mobilemedia/core/ui/controller/AlbumController.java
src/lancs/mobilemedia/core/ui/controller/ControllerInterface.java
src/lancs/mobilemedia/core/ui/controller/MediaController.java
src/lancs/mobilemedia/core/ui/controller/MediaListController.java
src/lancs/mobilemedia/core/ui/controller/PhotoViewController.java
src/lancs/mobilemedia/core/ui/controller/ScreenSingleton.java
src/lancs/mobilemedia/core/ui/controller/SelectMediaController.java
src/lancs/mobilemedia/core/ui/controller/MusicPlayController.java
src/lancs/mobilemedia/core/ui/controller/PlayVideoController.java
src/lancs/mobilemedia/core/ui/controller/VideoCaptureController.java
src/lancs/mobilemedia/core/ui/datamodel/ImageAlbumData.java
src/lancs/mobilemedia/core/ui/datamodel/AlbumData.java
src/lancs/mobilemedia/core/ui/datamodel/MediaAccessor.java
src/lancs/mobilemedia/core/ui/datamodel/ImageMediaAccessor.java
src/lancs/mobilemedia/core/ui/datamodel/MediaData.java
src/lancs/mobilemedia/core/ui/datamodel/MusicAlbumData.java
src/lancs/mobilemedia/core/ui/datamodel/MusicMediaAccessor.java
src/lancs/mobilemedia/core/ui/datamodel/VideoMediaAccessor.java
src/lancs/mobilemedia/core/ui/datamodel/VideoAlbumData.java
src/lancs/mobilemedia/core/ui/screens/AddMediaToAlbum.java
src/lancs/mobilemedia/core/ui/screens/AlbumListScreen.java
src/lancs/mobilemedia/core/ui/screens/NewLabelScreen.java
src/lancs/mobilemedia/core/ui/screens/MediaListScreen.java
src/lancs/mobilemedia/core/ui/screens/PhotoViewScreen.java
src/lancs/mobilemedia/core/ui/screens/SelectTypeOfMedia.java
src/lancs/mobilemedia/core/ui/screens/PlayMediaScreen.java
src/lancs/mobilemedia/core/ui/screens/PlayVideoScreen.java
src/lancs/mobilemedia/core/ui/screens/CaptureVideoScreen.java
src/lancs/mobilemedia/core/ui/screens/PasswordScreen.java
src/lancs/mobilemedia/core/util/Constants.java
src/lancs/mobilemedia/core/util/MediaUtil.java
src/lancs/mobilemedia/core/util/MusicMediaUtil.java
src/lancs/mobilemedia/lib/exceptions/ImageNotFoundException.java
src/lancs/mobilemedia/lib/exceptions/ImagePathNotValidException.java
src/lancs/mobilemedia/lib/exceptions/InvalidArrayFormatException.java
src/lancs/mobilemedia/lib/exceptions/InvalidImageDataException.java
src/lancs/mobilemedia/lib/exceptions/InvalidImageFormatException.java
src/lancs/mobilemedia/lib/exceptions/PersistenceMechanismException.java
src/lancs/mobilemedia/lib/exceptions/UnavailablePhotoAlbumException.java
src/lancs/mobilemedia/lib/exceptions/InvalidPhotoAlbumNameException.java
src/lancs/mobilemedia/sms/SmsMessaging.java
src/lancs/mobilemedia/sms/SmsReceiverThread.java
src/lancs/mobilemedia/sms/SmsSenderThread.java
src/lancs/mobilemedia/sms/SmsSenderController.java
src/lancs/mobilemedia/sms/SmsReceiverController.java
src/lancs/mobilemedia/sms/NetworkScreen.java
src/lancs/mobilemedia/core/comms/BaseMessaging.java

