feature@de.ovgu.cide.core=COPY,/vol1/teamcity_itidb/TeamCity/buildAgent/work/cide,CIDE_Deploy_Feature_Core
plugin@de.ovgu.cide.ast=COPY,/vol1/teamcity_itidb/TeamCity/buildAgent/work/cide,CIDE2_ast
plugin@de.ovgu.cide.core=COPY,/vol1/teamcity_itidb/TeamCity/buildAgent/work/cide,CIDE2
plugin@de.ovgu.cide.fm.list=COPY,/vol1/teamcity_itidb/TeamCity/buildAgent/work/cide,CIDE_FM_List
plugin@de.ovgu.cide.language.bali=COPY,/vol1/teamcity_itidb/TeamCity/buildAgent/work/cide,CIDE_Language_Bali
plugin@de.ovgu.cide.language.properties=COPY,/vol1/teamcity_itidb/TeamCity/buildAgent/work/cide,CIDE_Language_Properties
plugin@de.ovgu.cide.language.xml=COPY,/vol1/teamcity_itidb/TeamCity/buildAgent/work/cide,CIDE_Language_XML_plain
plugin@de.ovgu.cide.typing=COPY,/vol1/teamcity_itidb/TeamCity/buildAgent/work/cide,CIDE2_TypeChecking
plugin@de.ovgu.cide.doc=COPY,/vol1/teamcity_itidb/TeamCity/buildAgent/work/cide,CIDE_Doc
plugin@de.ovgu.cide.storage.default=COPY,/vol1/teamcity_itidb/TeamCity/buildAgent/work/cide,CIDE_Storage_Default
