feature@de.ovgu.cide.core=COPY,/vol1/teamcity_itidb/TeamCity/buildAgent/work/cide/CIDE_Deploy_PluginBuilder,CIDE_Deploy_Feature_Core
plugin@de.ovgu.cide.ast=COPY,/vol1/teamcity_itidb/TeamCity/buildAgent/work/cide/CIDE_Deploy_PluginBuilder,CIDE2_ast
plugin@de.ovgu.cide.core=COPY,/vol1/teamcity_itidb/TeamCity/buildAgent/work/cide/CIDE_Deploy_PluginBuilder,CIDE2
plugin@de.ovgu.cide.fm.list=COPY,/vol1/teamcity_itidb/TeamCity/buildAgent/work/cide/CIDE_Deploy_PluginBuilder,CIDE_FM_List
plugin@de.ovgu.cide.language.bali=COPY,/vol1/teamcity_itidb/TeamCity/buildAgent/work/cide/CIDE_Deploy_PluginBuilder,CIDE_Language_Bali
plugin@de.ovgu.cide.language.properties=COPY,/vol1/teamcity_itidb/TeamCity/buildAgent/work/cide/CIDE_Deploy_PluginBuilder,CIDE_Language_Properties
plugin@de.ovgu.cide.language.xml=COPY,/vol1/teamcity_itidb/TeamCity/buildAgent/work/cide/CIDE_Deploy_PluginBuilder,CIDE_Language_XML_plain
plugin@de.ovgu.cide.typing=COPY,/vol1/teamcity_itidb/TeamCity/buildAgent/work/cide/CIDE_Deploy_PluginBuilder,CIDE2_TypeChecking
plugin@de.ovgu.cide.doc=COPY,/vol1/teamcity_itidb/TeamCity/buildAgent/work/cide/CIDE_Deploy_PluginBuilder,CIDE_Doc
plugin@de.ovgu.cide.storage.default=COPY,/vol1/teamcity_itidb/TeamCity/buildAgent/work/cide/CIDE_Deploy_PluginBuilder,CIDE_Storage_Default
feature@de.ovgu.cide.jdt=COPY,/vol1/teamcity_itidb/TeamCity/buildAgent/work/cide/CIDE_Deploy_PluginBuilder,CIDE_Deploy_Feature_JDT
plugin@de.ovgu.cide.language.jdt=COPY,/vol1/teamcity_itidb/TeamCity/buildAgent/work/cide/CIDE_Deploy_PluginBuilder,CIDE_Language_JDT
plugin@de.ovgu.cide.import.jak=COPY,/vol1/teamcity_itidb/TeamCity/buildAgent/work/cide/CIDE_Deploy_PluginBuilder,CIDE_Import_Jak
plugin@de.ovgu.cide.export.jdt=COPY,/vol1/teamcity_itidb/TeamCity/buildAgent/work/cide/CIDE_Deploy_PluginBuilder,CIDE_Export_JDTBase
plugin@de.ovgu.cide.export.physical=COPY,/vol1/teamcity_itidb/TeamCity/buildAgent/work/cide/CIDE_Deploy_PluginBuilder,CIDE_Export_Physical
plugin@de.ovgu.cide.export.virtual=COPY,/vol1/teamcity_itidb/TeamCity/buildAgent/work/cide/CIDE_Deploy_PluginBuilder,CIDE_Export_Virtual
plugin@de.ovgu.cide.export.xml=COPY,/vol1/teamcity_itidb/TeamCity/buildAgent/work/cide/CIDE_Deploy_PluginBuilder,CIDE_Export_XML
plugin@de.ovgu.cide.import.antenna=COPY,/vol1/teamcity_itidb/TeamCity/buildAgent/work/cide/CIDE_Deploy_PluginBuilder,CIDE_Import_Antenna
feature@de.ovgu.cide.samples=COPY,/vol1/teamcity_itidb/TeamCity/buildAgent/work/cide/CIDE_Deploy_PluginBuilder,CIDE_Deploy_Feature_Samples
plugin@de.ovgu.cide.samples=COPY,/vol1/teamcity_itidb/TeamCity/buildAgent/work/cide/CIDE_Deploy_PluginBuilder,CIDE_Samples
