feature@de.ovgu.cide.core=COPY,C:/Users/ckaestne/Documents/uni/cide,CIDE_Deploy_Feature_Core
plugin@de.ovgu.cide.ast=COPY,C:/Users/ckaestne/Documents/uni/cide,CIDE2_ast
plugin@de.ovgu.cide.core=COPY,C:/Users/ckaestne/Documents/uni/cide,CIDE2
plugin@de.ovgu.cide.fm.list=COPY,C:/Users/ckaestne/Documents/uni/cide,CIDE_FM_List
plugin@de.ovgu.cide.language.bali=COPY,C:/Users/ckaestne/Documents/uni/cide,CIDE_Language_Bali
plugin@de.ovgu.cide.language.properties=COPY,C:/Users/ckaestne/Documents/uni/cide,CIDE_Language_Properties
plugin@de.ovgu.cide.language.xml=COPY,C:/Users/ckaestne/Documents/uni/cide,CIDE_Language_XML_plain
plugin@de.ovgu.cide.typing=COPY,C:/Users/ckaestne/Documents/uni/cide,CIDE2_TypeChecking
plugin@de.ovgu.cide.doc=COPY,C:/Users/ckaestne/Documents/uni/cide,CIDE_Doc
feature@de.ovgu.cide.guidsl=COPY,C:/Users/ckaestne/Documents/uni/cide,CIDE_Deploy_Feature_GUIDSL
plugin@de.ovgu.cide.fm.guidsl=COPY,C:/Users/ckaestne/Documents/uni/cide,CIDE_FM_guidsl
plugin@de.ovgu.featureide.fm.core=COPY,C:/Users/ckaestne/Documents/uni/cide,de.ovgu.featureide.fm.core
plugin@de.ovgu.featureide.fm.ui=COPY,C:/Users/ckaestne/Documents/uni/cide,de.ovgu.featureide.fm.ui
feature@de.ovgu.cide.jdt=COPY,C:/Users/ckaestne/Documents/uni/cide,CIDE_Deploy_Feature_JDT
plugin@de.ovgu.cide.language.jdt=COPY,C:/Users/ckaestne/Documents/uni/cide,CIDE_Language_JDT
plugin@de.ovgu.cide.import.jak=COPY,C:/Users/ckaestne/Documents/uni/cide,CIDE_Import_Jak
plugin@de.ovgu.cide.export.jdt=COPY,C:/Users/ckaestne/Documents/uni/cide,CIDE_Export_JDTBase
plugin@de.ovgu.cide.export.physical=COPY,C:/Users/ckaestne/Documents/uni/cide,CIDE_Export_Physical
plugin@de.ovgu.cide.export.virtual=COPY,C:/Users/ckaestne/Documents/uni/cide,CIDE_Export_Virtual
plugin@de.ovgu.cide.export.xml=COPY,C:/Users/ckaestne/Documents/uni/cide,CIDE_Export_XML
feature@de.ovgu.cide.samples=COPY,C:/Users/ckaestne/Documents/uni/cide,CIDE_Deploy_Feature_Samples
plugin@de.ovgu.cide.samples=COPY,C:/Users/ckaestne/Documents/uni/cide,CIDE_Samples
